I'm sorry, but errors were detected in your script. Please correct the
errors listed below, and try again.


File "game/gui.rpy", line 23: expected statement.
    add Snow("gui/raindrop.png")
            ^

Ren'Py Version: Ren'Py 8.4.2.25091201+nightly
Sun Sep 28 11:23:23 2025
